Successfully installed inference-1.0.0

Successfully installed inference-1.0.0
2026-01-08T11:08:58.296Z
[notice] A new release of pip is available: 25.2 -> 25.3

[notice] A new release of pip is available: 25.2 -> 25.3
2026-01-08T11:08:58.296Z
[notice] To update, run: pip install --upgrade pip

[notice] To update, run: pip install --upgrade pip
2026-01-08T11:08:58.296Z
[2026-01-08 11:08:55 +0000] [21] [INFO] Starting gunicorn 23.0.0

[2026-01-08 11:08:55 +0000] [21] [INFO] Starting gunicorn 23.0.0
2026-01-08T11:08:58.296Z
[2026-01-08 11:08:55 +0000] [21] [INFO] Listening at: unix:/tmp/gunicorn.sock (21)

[2026-01-08 11:08:55 +0000] [21] [INFO] Listening at: unix:/tmp/gunicorn.sock (21)
2026-01-08T11:08:58.296Z
[2026-01-08 11:08:55 +0000] [21] [INFO] Using worker: gevent

[2026-01-08 11:08:55 +0000] [21] [INFO] Using worker: gevent
2026-01-08T11:08:58.296Z
[2026-01-08 11:08:55 +0000] [22] [INFO] Booting worker with pid: 22

[2026-01-08 11:08:55 +0000] [22] [INFO] Booting worker with pid: 22
2026-01-08T11:08:58.296Z
[2026-01-08 11:08:55 +0000] [23] [INFO] Booting worker with pid: 23

[2026-01-08 11:08:55 +0000] [23] [INFO] Booting worker with pid: 23
2026-01-08T11:08:58.296Z
/miniconda3/lib/python3.9/site-packages/sagemaker_containers/_server.py:22: UserWarning: pkg_resources is deprecated as an API. See https://setuptools.pypa.io/en/latest/pkg_resources.html. The pkg_resources package is slated for removal as early as 2025-11-30. Refrain from using this package or pin to Setuptools<81.
  import pkg_resources

/miniconda3/lib/python3.9/site-packages/sagemaker_containers/_server.py:22: UserWarning: pkg_resources is deprecated as an API. See https://setuptools.pypa.io/en/latest/pkg_resources.html. The pkg_resources package is slated for removal as early as 2025-11-30. Refrain from using this package or pin to Setuptools<81. import pkg_resources
2026-01-08T11:08:58.296Z
/miniconda3/lib/python3.9/site-packages/sagemaker_containers/_server.py:22: UserWarning: pkg_resources is deprecated as an API. See https://setuptools.pypa.io/en/latest/pkg_resources.html. The pkg_resources package is slated for removal as early as 2025-11-30. Refrain from using this package or pin to Setuptools<81.
  import pkg_resources

/miniconda3/lib/python3.9/site-packages/sagemaker_containers/_server.py:22: UserWarning: pkg_resources is deprecated as an API. See https://setuptools.pypa.io/en/latest/pkg_resources.html. The pkg_resources package is slated for removal as early as 2025-11-30. Refrain from using this package or pin to Setuptools<81. import pkg_resources
2026-01-08T11:09:03.298Z
2026-01-08 11:09:02,819 INFO - sagemaker-containers - No GPUs detected (normal if no gpus installed)

2026-01-08 11:09:02,819 INFO - sagemaker-containers - No GPUs detected (normal if no gpus installed)
2026-01-08T11:09:04.298Z
游끥 Model loaded from /opt/ml/model/champion_model.pkl

游끥 Model loaded from /opt/ml/model/champion_model.pkl
2026-01-08T11:09:04.299Z
169.254.255.130 - - [08/Jan/2026:11:09:03 +0000] "GET /ping HTTP/1.1" 200 0 "-" "Go-http-client/1.1"

169.254.255.130 - - [08/Jan/2026:11:09:03 +0000] "GET /ping HTTP/1.1" 200 0 "-" "Go-http-client/1.1"
2026-01-08T11:09:04.299Z
2026-01-08 11:09:03,599 INFO - sagemaker-containers - No GPUs detected (normal if no gpus installed)

2026-01-08 11:09:03,599 INFO - sagemaker-containers - No GPUs detected (normal if no gpus installed)
2026-01-08T11:09:04.299Z
游끥 Model loaded from /opt/ml/model/champion_model.pkl

游끥 Model loaded from /opt/ml/model/champion_model.pkl
2026-01-08T11:09:04.299Z
169.254.255.130 - - [08/Jan/2026:11:09:04 +0000] "GET /execution-parameters HTTP/1.1" 404 232 "-" "Go-http-client/1.1"

169.254.255.130 - - [08/Jan/2026:11:09:04 +0000] "GET /execution-parameters HTTP/1.1" 404 232 "-" "Go-http-client/1.1"
2026-01-08T11:09:05.299Z
游닌 Batch input shape: (10000, 30)

游닌 Batch input shape: (10000, 30)
2026-01-08T11:09:05.299Z
2026-01-08 11:09:04,683 ERROR - inference - Exception on /invocations [POST]

2026-01-08 11:09:04,683 ERROR - inference - Exception on /invocations [POST]
2026-01-08T11:09:05.299Z
Traceback (most recent call last):
  File "/miniconda3/lib/python3.9/site-packages/sagemaker_containers/_functions.py", line 93, in wrapper
    return fn(*args, **kwargs)
  File "/opt/ml/code/inference.py", line 71, in output_fn
    raise ValueError(f"Unsupported accept type: {accept}")

Traceback (most recent call last): File "/miniconda3/lib/python3.9/site-packages/sagemaker_containers/_functions.py", line 93, in wrapper return fn(*args, **kwargs) File "/opt/ml/code/inference.py", line 71, in output_fn raise ValueError(f"Unsupported accept type: {accept}")
2026-01-08T11:09:05.299Z
ValueError: Unsupported accept type: application/json

ValueError: Unsupported accept type: application/json
2026-01-08T11:09:05.299Z
During handling of the above exception, another exception occurred:

During handling of the above exception, another exception occurred:
2026-01-08T11:09:05.300Z
Traceback (most recent call last):
  File "/miniconda3/lib/python3.9/site-packages/flask/app.py", line 2446, in wsgi_app
    response = self.full_dispatch_request()
  File "/miniconda3/lib/python3.9/site-packages/flask/app.py", line 1951, in full_dispatch_request
    rv = self.handle_user_exception(e)
  File "/miniconda3/lib/python3.9/site-packages/flask/app.py", line 1820, in handle_user_exception
    reraise(exc_type, exc_value, tb)
  File "/miniconda3/lib/python3.9/site-packages/flask/_compat.py", line 39, in reraise
    raise value
  File "/miniconda3/lib/python3.9/site-packages/flask/app.py", line 1949, in full_dispatch_request
    rv = self.dispatch_request()
  File "/miniconda3/lib/python3.9/site-packages/flask/app.py", line 1935, in dispatch_request
    return self.view_functions[rule.endpoint](**req.view_args)
  File "/miniconda3/lib/python3.9/site-packages/sagemaker_containers/_transformer.py", line 199, in transform
    result = self._transform_fn(
  File "/miniconda3/lib/python3.9/site-packages/sagemaker_containers/_transformer.py", line 234, in _default_transform_fn
    result = self._output_fn(prediction, accept)
  File "/miniconda3/lib/python3.9/site-packages/sagemaker_containers/_functions.py", line 95, in wrapper
    six.reraise(error_class, error_class(e), sys.exc_info()[2])
  File "/miniconda3/lib/python3.9/site-packages/six.py", line 702, in reraise
    raise value.with_traceback(tb)
  File "/miniconda3/lib/python3.9/site-packages/sagemaker_containers/_functions.py", line 93, in wrapper
    return fn(*args, **kwargs)
  File "/opt/ml/code/inference.py", line 71, in output_fn
    raise ValueError(f"Unsupported accept type: {accept}")

Traceback (most recent call last): File "/miniconda3/lib/python3.9/site-packages/flask/app.py", line 2446, in wsgi_app response = self.full_dispatch_request() File "/miniconda3/lib/python3.9/site-packages/flask/app.py", line 1951, in full_dispatch_request rv = self.handle_user_exception(e) File "/miniconda3/lib/python3.9/site-packages/flask/app.py", line 1820, in handle_user_exception reraise(exc_type, exc_value, tb) File "/miniconda3/lib/python3.9/site-packages/flask/_compat.py", line 39, in reraise raise value File "/miniconda3/lib/python3.9/site-packages/flask/app.py", line 1949, in full_dispatch_request rv = self.dispatch_request() File "/miniconda3/lib/python3.9/site-packages/flask/app.py", line 1935, in dispatch_request return self.view_functions[rule.endpoint](**req.view_args) File "/miniconda3/lib/python3.9/site-packages/sagemaker_containers/_transformer.py", line 199, in transform result = self._transform_fn( File "/miniconda3/lib/python3.9/site-packages/sagemaker_containers/_transformer.py", line 234, in _default_transform_fn result = self._output_fn(prediction, accept) File "/miniconda3/lib/python3.9/site-packages/sagemaker_containers/_functions.py", line 95, in wrapper six.reraise(error_class, error_class(e), sys.exc_info()[2]) File "/miniconda3/lib/python3.9/site-packages/six.py", line 702, in reraise raise value.with_traceback(tb) File "/miniconda3/lib/python3.9/site-packages/sagemaker_containers/_functions.py", line 93, in wrapper return fn(*args, **kwargs) File "/opt/ml/code/inference.py", line 71, in output_fn raise ValueError(f"Unsupported accept type: {accept}")
2026-01-08T11:09:05.300Z
sagemaker_containers._errors.ClientError: Unsupported accept type: application/json

sagemaker_containers._errors.ClientError: Unsupported accept type: application/json
2026-01-08T11:09:05.300Z
169.254.255.130 - - [08/Jan/2026:11:09:04 +0000] "POST /invocations HTTP/1.1" 500 290 "-" "Go-http-client/1.1"

169.254.255.130 - - [08/Jan/2026:11:09:04 +0000] "POST /invocations HTTP/1.1" 500 290 "-" "Go-http-client/1.1"
2026-01-08T11:09:05.300Z
游닌 Batch input shape: (10000, 30)

游닌 Batch input shape: (10000, 30)
2026-01-08T11:09:05.300Z
2026-01-08 11:09:05,014 ERROR - inference - Exception on /invocations [POST]

2026-01-08 11:09:05,014 ERROR - inference - Exception on /invocations [POST]
2026-01-08T11:09:05.300Z
Traceback (most recent call last):
  File "/miniconda3/lib/python3.9/site-packages/sagemaker_containers/_functions.py", line 93, in wrapper
    return fn(*args, **kwargs)
  File "/opt/ml/code/inference.py", line 71, in output_fn
    raise ValueError(f"Unsupported accept type: {accept}")

Traceback (most recent call last): File "/miniconda3/lib/python3.9/site-packages/sagemaker_containers/_functions.py", line 93, in wrapper return fn(*args, **kwargs) File "/opt/ml/code/inference.py", line 71, in output_fn raise ValueError(f"Unsupported accept type: {accept}")
2026-01-08T11:09:05.300Z
ValueError: Unsupported accept type: application/json

ValueError: Unsupported accept type: application/json
2026-01-08T11:09:05.300Z
During handling of the above exception, another exception occurred:

During handling of the above exception, another exception occurred:
2026-01-08T11:09:05.301Z
Traceback (most recent call last):
  File "/miniconda3/lib/python3.9/site-packages/flask/app.py", line 2446, in wsgi_app
    response = self.full_dispatch_request()
  File "/miniconda3/lib/python3.9/site-packages/flask/app.py", line 1951, in full_dispatch_request
    rv = self.handle_user_exception(e)
  File "/miniconda3/lib/python3.9/site-packages/flask/app.py", line 1820, in handle_user_exception
    reraise(exc_type, exc_value, tb)
  File "/miniconda3/lib/python3.9/site-packages/flask/_compat.py", line 39, in reraise
    raise value
  File "/miniconda3/lib/python3.9/site-packages/flask/app.py", line 1949, in full_dispatch_request
    rv = self.dispatch_request()
  File "/miniconda3/lib/python3.9/site-packages/flask/app.py", line 1935, in dispatch_request
    return self.view_functions[rule.endpoint](**req.view_args)
  File "/miniconda3/lib/python3.9/site-packages/sagemaker_containers/_transformer.py", line 199, in transform
    result = self._transform_fn(
  File "/miniconda3/lib/python3.9/site-packages/sagemaker_containers/_transformer.py", line 234, in _default_transform_fn
    result = self._output_fn(prediction, accept)
  File "/miniconda3/lib/python3.9/site-packages/sagemaker_containers/_functions.py", line 95, in wrapper
    six.reraise(error_class, error_class(e), sys.exc_info()[2])
  File "/miniconda3/lib/python3.9/site-packages/six.py", line 702, in reraise
    raise value.with_traceback(tb)
  File "/miniconda3/lib/python3.9/site-packages/sagemaker_containers/_functions.py", line 93, in wrapper
    return fn(*args, **kwargs)
  File "/opt/ml/code/inference.py", line 71, in output_fn
    raise ValueError(f"Unsupported accept type: {accept}")

Traceback (most recent call last): File "/miniconda3/lib/python3.9/site-packages/flask/app.py", line 2446, in wsgi_app response = self.full_dispatch_request() File "/miniconda3/lib/python3.9/site-packages/flask/app.py", line 1951, in full_dispatch_request rv = self.handle_user_exception(e) File "/miniconda3/lib/python3.9/site-packages/flask/app.py", line 1820, in handle_user_exception reraise(exc_type, exc_value, tb) File "/miniconda3/lib/python3.9/site-packages/flask/_compat.py", line 39, in reraise raise value File "/miniconda3/lib/python3.9/site-packages/flask/app.py", line 1949, in full_dispatch_request rv = self.dispatch_request() File "/miniconda3/lib/python3.9/site-packages/flask/app.py", line 1935, in dispatch_request return self.view_functions[rule.endpoint](**req.view_args) File "/miniconda3/lib/python3.9/site-packages/sagemaker_containers/_transformer.py", line 199, in transform result = self._transform_fn( File "/miniconda3/lib/python3.9/site-packages/sagemaker_containers/_transformer.py", line 234, in _default_transform_fn result = self._output_fn(prediction, accept) File "/miniconda3/lib/python3.9/site-packages/sagemaker_containers/_functions.py", line 95, in wrapper six.reraise(error_class, error_class(e), sys.exc_info()[2]) File "/miniconda3/lib/python3.9/site-packages/six.py", line 702, in reraise raise value.with_traceback(tb) File "/miniconda3/lib/python3.9/site-packages/sagemaker_containers/_functions.py", line 93, in wrapper return fn(*args, **kwargs) File "/opt/ml/code/inference.py", line 71, in output_fn raise ValueError(f"Unsupported accept type: {accept}")
2026-01-08T11:09:05.301Z
sagemaker_containers._errors.ClientError: Unsupported accept type: application/json

sagemaker_containers._errors.ClientError: Unsupported accept type: application/json
2026-01-08T11:09:05.301Z
169.254.255.130 - - [08/Jan/2026:11:09:05 +0000] "POST /invocations HTTP/1.1" 500 290 "-" "Go-http-client/1.1"

169.254.255.130 - - [08/Jan/2026:11:09:05 +0000] "POST /invocations HTTP/1.1" 500 290 "-" "Go-http-client/1.1"
2026-01-08T11:09:05.301Z
游닌 Batch input shape: (10000, 30)

游닌 Batch input shape: (10000, 30)
2026-01-08T11:09:06.301Z
2026-01-08 11:09:05,311 ERROR - inference - Exception on /invocations [POST]

2026-01-08 11:09:05,311 ERROR - inference - Exception on /invocations [POST]
2026-01-08T11:09:06.301Z
Traceback (most recent call last):
  File "/miniconda3/lib/python3.9/site-packages/sagemaker_containers/_functions.py", line 93, in wrapper
    return fn(*args, **kwargs)
  File "/opt/ml/code/inference.py", line 71, in output_fn
    raise ValueError(f"Unsupported accept type: {accept}")

Traceback (most recent call last): File "/miniconda3/lib/python3.9/site-packages/sagemaker_containers/_functions.py", line 93, in wrapper return fn(*args, **kwargs) File "/opt/ml/code/inference.py", line 71, in output_fn raise ValueError(f"Unsupported accept type: {accept}")
2026-01-08T11:09:06.301Z
ValueError: Unsupported accept type: application/json

ValueError: Unsupported accept type: application/json
2026-01-08T11:09:06.301Z
During handling of the above exception, another exception occurred:

During handling of the above exception, another exception occurred:
2026-01-08T11:09:06.302Z
Traceback (most recent call last):
  File "/miniconda3/lib/python3.9/site-packages/flask/app.py", line 2446, in wsgi_app
    response = self.full_dispatch_request()
  File "/miniconda3/lib/python3.9/site-packages/flask/app.py", line 1951, in full_dispatch_request
    rv = self.handle_user_exception(e)
  File "/miniconda3/lib/python3.9/site-packages/flask/app.py", line 1820, in handle_user_exception
    reraise(exc_type, exc_value, tb)
  File "/miniconda3/lib/python3.9/site-packages/flask/_compat.py", line 39, in reraise
    raise value
  File "/miniconda3/lib/python3.9/site-packages/flask/app.py", line 1949, in full_dispatch_request
    rv = self.dispatch_request()
  File "/miniconda3/lib/python3.9/site-packages/flask/app.py", line 1935, in dispatch_request
    return self.view_functions[rule.endpoint](**req.view_args)
  File "/miniconda3/lib/python3.9/site-packages/sagemaker_containers/_transformer.py", line 199, in transform
    result = self._transform_fn(
  File "/miniconda3/lib/python3.9/site-packages/sagemaker_containers/_transformer.py", line 234, in _default_transform_fn
    result = self._output_fn(prediction, accept)
  File "/miniconda3/lib/python3.9/site-packages/sagemaker_containers/_functions.py", line 95, in wrapper
    six.reraise(error_class, error_class(e), sys.exc_info()[2])
  File "/miniconda3/lib/python3.9/site-packages/six.py", line 702, in reraise
    raise value.with_traceback(tb)
  File "/miniconda3/lib/python3.9/site-packages/sagemaker_containers/_functions.py", line 93, in wrapper
    return fn(*args, **kwargs)
  File "/opt/ml/code/inference.py", line 71, in output_fn
    raise ValueError(f"Unsupported accept type: {accept}")

Traceback (most recent call last): File "/miniconda3/lib/python3.9/site-packages/flask/app.py", line 2446, in wsgi_app response = self.full_dispatch_request() File "/miniconda3/lib/python3.9/site-packages/flask/app.py", line 1951, in full_dispatch_request rv = self.handle_user_exception(e) File "/miniconda3/lib/python3.9/site-packages/flask/app.py", line 1820, in handle_user_exception reraise(exc_type, exc_value, tb) File "/miniconda3/lib/python3.9/site-packages/flask/_compat.py", line 39, in reraise raise value File "/miniconda3/lib/python3.9/site-packages/flask/app.py", line 1949, in full_dispatch_request rv = self.dispatch_request() File "/miniconda3/lib/python3.9/site-packages/flask/app.py", line 1935, in dispatch_request return self.view_functions[rule.endpoint](**req.view_args) File "/miniconda3/lib/python3.9/site-packages/sagemaker_containers/_transformer.py", line 199, in transform result = self._transform_fn( File "/miniconda3/lib/python3.9/site-packages/sagemaker_containers/_transformer.py", line 234, in _default_transform_fn result = self._output_fn(prediction, accept) File "/miniconda3/lib/python3.9/site-packages/sagemaker_containers/_functions.py", line 95, in wrapper six.reraise(error_class, error_class(e), sys.exc_info()[2]) File "/miniconda3/lib/python3.9/site-packages/six.py", line 702, in reraise raise value.with_traceback(tb) File "/miniconda3/lib/python3.9/site-packages/sagemaker_containers/_functions.py", line 93, in wrapper return fn(*args, **kwargs) File "/opt/ml/code/inference.py", line 71, in output_fn raise ValueError(f"Unsupported accept type: {accept}")
2026-01-08T11:09:06.302Z
sagemaker_containers._errors.ClientError: Unsupported accept type: application/json

sagemaker_containers._errors.ClientError: Unsupported accept type: application/json
2026-01-08T11:09:06.302Z
169.254.255.130 - - [08/Jan/2026:11:09:05 +0000] "POST /invocations HTTP/1.1" 500 290 "-" "Go-http-client/1.1"

169.254.255.130 - - [08/Jan/2026:11:09:05 +0000] "POST /invocations HTTP/1.1" 500 290 "-" "Go-http-client/1.1"
2026-01-08T11:09:06.302Z
游닌 Batch input shape: (10000, 30)

游닌 Batch input shape: (10000, 30)
2026-01-08T11:09:06.302Z
2026-01-08 11:09:05,607 ERROR - inference - Exception on /invocations [POST]

2026-01-08 11:09:05,607 ERROR - inference - Exception on /invocations [POST]
2026-01-08T11:09:06.302Z
Traceback (most recent call last):
  File "/miniconda3/lib/python3.9/site-packages/sagemaker_containers/_functions.py", line 93, in wrapper
    return fn(*args, **kwargs)
  File "/opt/ml/code/inference.py", line 71, in output_fn
    raise ValueError(f"Unsupported accept type: {accept}")

Traceback (most recent call last): File "/miniconda3/lib/python3.9/site-packages/sagemaker_containers/_functions.py", line 93, in wrapper return fn(*args, **kwargs) File "/opt/ml/code/inference.py", line 71, in output_fn raise ValueError(f"Unsupported accept type: {accept}")
2026-01-08T11:09:06.302Z
ValueError: Unsupported accept type: application/json

ValueError: Unsupported accept type: application/json
2026-01-08T11:09:06.302Z
During handling of the above exception, another exception occurred:

During handling of the above exception, another exception occurred:
2026-01-08T11:09:06.302Z
Traceback (most recent call last):
  File "/miniconda3/lib/python3.9/site-packages/flask/app.py", line 2446, in wsgi_app
    response = self.full_dispatch_request()
  File "/miniconda3/lib/python3.9/site-packages/flask/app.py", line 1951, in full_dispatch_request
    rv = self.handle_user_exception(e)
  File "/miniconda3/lib/python3.9/site-packages/flask/app.py", line 1820, in handle_user_exception
    reraise(exc_type, exc_value, tb)
  File "/miniconda3/lib/python3.9/site-packages/flask/_compat.py", line 39, in reraise
    raise value
  File "/miniconda3/lib/python3.9/site-packages/flask/app.py", line 1949, in full_dispatch_request
    rv = self.dispatch_request()
  File "/miniconda3/lib/python3.9/site-packages/flask/app.py", line 1935, in dispatch_request
    return self.view_functions[rule.endpoint](**req.view_args)
  File "/miniconda3/lib/python3.9/site-packages/sagemaker_containers/_transformer.py", line 199, in transform
    result = self._transform_fn(
  File "/miniconda3/lib/python3.9/site-packages/sagemaker_containers/_transformer.py", line 234, in _default_transform_fn
    result = self._output_fn(prediction, accept)
  File "/miniconda3/lib/python3.9/site-packages/sagemaker_containers/_functions.py", line 95, in wrapper
    six.reraise(error_class, error_class(e), sys.exc_info()[2])
  File "/miniconda3/lib/python3.9/site-packages/six.py", line 702, in reraise
    raise value.with_traceback(tb)
  File "/miniconda3/lib/python3.9/site-packages/sagemaker_containers/_functions.py", line 93, in wrapper
    return fn(*args, **kwargs)
  File "/opt/ml/code/inference.py", line 71, in output_fn
    raise ValueError(f"Unsupported accept type: {accept}")

Traceback (most recent call last): File "/miniconda3/lib/python3.9/site-packages/flask/app.py", line 2446, in wsgi_app response = self.full_dispatch_request() File "/miniconda3/lib/python3.9/site-packages/flask/app.py", line 1951, in full_dispatch_request rv = self.handle_user_exception(e) File "/miniconda3/lib/python3.9/site-packages/flask/app.py", line 1820, in handle_user_exception reraise(exc_type, exc_value, tb) File "/miniconda3/lib/python3.9/site-packages/flask/_compat.py", line 39, in reraise raise value File "/miniconda3/lib/python3.9/site-packages/flask/app.py", line 1949, in full_dispatch_request rv = self.dispatch_request() File "/miniconda3/lib/python3.9/site-packages/flask/app.py", line 1935, in dispatch_request return self.view_functions[rule.endpoint](**req.view_args) File "/miniconda3/lib/python3.9/site-packages/sagemaker_containers/_transformer.py", line 199, in transform result = self._transform_fn( File "/miniconda3/lib/python3.9/site-packages/sagemaker_containers/_transformer.py", line 234, in _default_transform_fn result = self._output_fn(prediction, accept) File "/miniconda3/lib/python3.9/site-packages/sagemaker_containers/_functions.py", line 95, in wrapper six.reraise(error_class, error_class(e), sys.exc_info()[2]) File "/miniconda3/lib/python3.9/site-packages/six.py", line 702, in reraise raise value.with_traceback(tb) File "/miniconda3/lib/python3.9/site-packages/sagemaker_containers/_functions.py", line 93, in wrapper return fn(*args, **kwargs) File "/opt/ml/code/inference.py", line 71, in output_fn raise ValueError(f"Unsupported accept type: {accept}")
2026-01-08T11:09:06.302Z
sagemaker_containers._errors.ClientError: Unsupported accept type: application/json

sagemaker_containers._errors.ClientError: Unsupported accept type: application/json
2026-01-08T11:09:06.302Z
169.254.255.130 - - [08/Jan/2026:11:09:05 +0000] "POST /invocations HTTP/1.1" 500 290 "-" "Go-http-client/1.1"
